[primedividends.com/user/index.html]
[backblue.gif]
[fade.gif]
[index.html]
[primedividends.com/image/logo.png]
[primedividends.com/user/register.html]
[primedividends.com/user/bower_components/jquery/dist/jquery.min.js]
[primedividends.com/user/bower_components/popper.js/dist/umd/popper.min.js]
[primedividends.com/user/bower_components/moment/moment.js]
[primedividends.com/user/bower_components/chart.js/dist/Chart.min.js]
[primedividends.com/user/bower_components/select2/dist/js/select2.full.min.js]
[primedividends.com/user/bower_components/jquery-bar-rating/dist/jquery.barrating.min.js]
[primedividends.com/user/bower_components/ckeditor/ckeditor.js]
[primedividends.com/user/bower_components/bootstrap-validator/dist/validator.min.js]
[primedividends.com/user/bower_components/bootstrap-daterangepicker/daterangepicker.js]
[primedividends.com/user/bower_components/ion.rangeSlider/js/ion.rangeSlider.min.js]
[primedividends.com/user/bower_components/dropzone/dist/dropzone.js]
[primedividends.com/user/bower_components/editable-table/mindmup-editabletable.js]
[primedividends.com/user/bower_components/datatables.net/js/jquery.dataTables.min.js]
[primedividends.com/user/bower_components/datatables.net-bs/js/dataTables.bootstrap.min.js]
[primedividends.com/user/bower_components/fullcalendar/dist/fullcalendar.min.js]
[primedividends.com/user/bower_components/perfect-scrollbar/js/perfect-scrollbar.jquery.min.js]
[primedividends.com/user/bower_components/tether/dist/js/tether.min.js]
[primedividends.com/user/bower_components/slick-carousel/slick/slick.min.js]
[primedividends.com/user/bower_components/bootstrap/js/dist/util.js]
[primedividends.com/user/bower_components/bootstrap/js/dist/alert.js]
[primedividends.com/user/bower_components/bootstrap/js/dist/button.js]
[primedividends.com/user/bower_components/bootstrap/js/dist/carousel.js]
[primedividends.com/user/bower_components/bootstrap/js/dist/collapse.js]
[primedividends.com/user/bower_components/bootstrap/js/dist/dropdown.js]
[primedividends.com/user/bower_components/bootstrap/js/dist/modal.js]
[primedividends.com/user/bower_components/bootstrap/js/dist/tab.js]
[primedividends.com/user/bower_components/bootstrap/js/dist/tooltip.js]
[primedividends.com/user/bower_components/bootstrap/js/dist/popover.js]
[primedividends.com/user/js/demo_customizerce5a-version=4.4.1.js]
[primedividends.com/user/index.html]
[coinspotraders.com/wp-content/uploads/fevicon.html]
[coinspotraders.com/fast.fonts.net/cssapi/487b73f1-c2d1-43db-8526-db577e4c822b.html]
[primedividends.com/user/bower_components/select2/dist/css/select2.min.css]
[primedividends.com/user/bower_components/bootstrap-daterangepicker/daterangepicker.css]
[primedividends.com/user/bower_components/dropzone/dist/dropzone.css]
[primedividends.com/user/bower_components/datatables.net-bs/css/dataTables.bootstrap.min.css]
[primedividends.com/user/bower_components/fullcalendar/dist/fullcalendar.min.css]
[primedividends.com/user/bower_components/perfect-scrollbar/css/perfect-scrollbar.min.css]
[primedividends.com/user/bower_components/slick-carousel/slick/slick.css]
[primedividends.com/user/css/maince5a-version=1589666627.css]
[primedividends.com/user/register.html]
[primedividends.com/user/forgot_password.html]
[primedividends.com/tawto.html]
[coinspotraders.com/user/img/menu_bg.html]
[coinspotraders.com/user/img/cta-pattern-light.html]
[coinspotraders.com/user/img/onboarding-gradient-hor.html]
[coinspotraders.com/user/img/onboarding-gradient-ver.html]
[primedividends.com/user/css/maince5a-version=1589666624.css]
