[onedigitalassetshub.com/index.html]
[backblue.gif]
[fade.gif]
[index.html]
[onedigitalassetshub.com/img/favicon.png]
[onedigitalassetshub.com/js/modernizr.js]
[onedigitalassetshub.com/img/logo.png]
[translate.google.com/translate_a/element.da0d8.delayed]
[onedigitalassetshub.com/index.html]
[onedigitalassetshub.com/image/logo.png]
[onedigitalassetshub.com/about.html]
[onedigitalassetshub.com/timeline.html]
[onedigitalassetshub.com/contact.html]
[onedigitalassetshub.com/user/index.html]
[onedigitalassetshub.com/user/register.html]
[onedigitalassetshub.com/img/revolution-slider/kenburns/technology.jpg]
[onedigitalassetshub.com/img/revolution-slider/kenburns/trading.jpg]
[onedigitalassetshub.com/img/coin.jpg]
[onedigitalassetshub.com/img/blog/img2.jpg]
[onedigitalassetshub.com/img/blog/blog-post-small-3.jpg]
[onedigitalassetshub.com/img/blog/img3.jpg]
[onedigitalassetshub.com/img/logos-slider/logo2.png]
[onedigitalassetshub.com/img/logos-slider/logo3.png]
[onedigitalassetshub.com/img/logos-slider/logo6.jpg]
[onedigitalassetshub.com/img/logos-slider/coinbase.jpg]
[onedigitalassetshub.com/img/logos-slider/logo3.jpg]
[onedigitalassetshub.com/js/jquery-2.2.4.min.js]
[onedigitalassetshub.com/js/plugins/jquery.easing.1.3.js]
[onedigitalassetshub.com/js/plugins/bootstrap.min.js]
[onedigitalassetshub.com/js/plugins/jquery.bxslider.min.js]
[onedigitalassetshub.com/js/plugins/jquery.filterizr.js]
[onedigitalassetshub.com/js/plugins/jquery.magnific-popup.min.js]
[onedigitalassetshub.com/js/plugins/revolution/js/jquery.themepunch.tools.min.js]
[onedigitalassetshub.com/js/plugins/revolution/js/jquery.themepunch.revolution.min.js]
[onedigitalassetshub.com/js/plugins/revolution/js/extensions/revolution.extension.actions.min.js]
[onedigitalassetshub.com/js/plugins/revolution/js/extensions/revolution.extension.carousel.min.js]
[onedigitalassetshub.com/js/plugins/revolution/js/extensions/revolution.extension.kenburn.min.js]
[onedigitalassetshub.com/js/plugins/revolution/js/extensions/revolution.extension.layeranimation.min.js]
[onedigitalassetshub.com/js/plugins/revolution/js/extensions/revolution.extension.migration.min.js]
[onedigitalassetshub.com/js/plugins/revolution/js/extensions/revolution.extension.navigation.min.js]
[onedigitalassetshub.com/js/plugins/revolution/js/extensions/revolution.extension.parallax.min.js]
[onedigitalassetshub.com/js/plugins/revolution/js/extensions/revolution.extension.slideanims.min.js]
[onedigitalassetshub.com/js/plugins/revolution/js/extensions/revolution.extension.video.min.js]
[onedigitalassetshub.com/js/styleswitcher.js]
[onedigitalassetshub.com/js/custom.js]
[onedigitalassetshub.com/index.html]
[onedigitalassetshub.com/css/bootstrap.min.css]
[onedigitalassetshub.com/fonts/fontawesome-webfont3e6e-v=4.7.0.eot]
[onedigitalassetshub.com/fonts/fontawesome-webfontd41d-.eot]
[onedigitalassetshub.com/fonts/fontawesome-webfont3e6e-v=4.7.0.woff]
[onedigitalassetshub.com/fonts/fontawesome-webfont3e6e-v=4.7.0.html]
[onedigitalassetshub.com/fonts/fontawesome-webfont3e6e-v=4.7.0.ttf]
[onedigitalassetshub.com/css/font-awesome.min.css]
[onedigitalassetshub.com/css/magnific-popup.css]
[onedigitalassetshub.com/img/backgrounds/az_subtle.png]
[onedigitalassetshub.com/img/sections/projectmanager-bg.jpg]
[onedigitalassetshub.com/img/sections/testimonials-bg.jpg]
[onedigitalassetshub.com/img/projects/icons/zoom-icon.png]
[onedigitalassetshub.com/img/projects/icons/video-icon.png]
[onedigitalassetshub.com/img/projects/icons/gallery-icon.png]
[onedigitalassetshub.com/img/projects/icons/external-icon.png]
[onedigitalassetshub.com/img/sections/facts-bg.jpg]
[onedigitalassetshub.com/img/sections/call-to-action-bg.jpg]
[onedigitalassetshub.com/img/sections/contactform-bg.jpg]
[onedigitalassetshub.com/img/banner.jpg]
[onedigitalassetshub.com/img/blog/banner-blog.jpg]
[onedigitalassetshub.com/img/testimonial/auth-page/bg-user4.jpg]
[onedigitalassetshub.com/img/testimonial/auth-page/bg-user-2.jpg]
[onedigitalassetshub.com/img/testimonial/auth-page/bg-user-3.jpg]
[onedigitalassetshub.com/img/backgrounds/404.jpg]
[onedigitalassetshub.com/img/backgrounds/503.jpg]
[onedigitalassetshub.com/img/backgrounds/coming-soon.jpg]
[onedigitalassetshub.com/img/about.jpg]
[onedigitalassetshub.com/css/style-ty=1589666624.css]
[onedigitalassetshub.com/css/skins/goldenrod-j=1589666624.css]
[onedigitalassetshub.com/js/plugins/revolution/fonts/revicons/revicons90c6-5510888.eot]
[onedigitalassetshub.com/js/plugins/revolution/fonts/revicons/revicons90c6-5510888.woff]
[onedigitalassetshub.com/js/plugins/revolution/fonts/revicons/revicons90c6-5510888.ttf]
[onedigitalassetshub.com/js/plugins/revolution/css/openhand.html]
[onedigitalassetshub.com/js/plugins/revolution/css/closedhand.html]
[onedigitalassetshub.com/js/plugins/revolution/css/settings.css]
[onedigitalassetshub.com/js/plugins/revolution/css/layers.css]
[onedigitalassetshub.com/js/plugins/revolution/css/navigation.css]
[onedigitalassetshub.com/tawto.html]
[translate.google.com/translate_a/elementa0d8.html]
[onedigitalassetshub.com/index.html]
[onedigitalassetshub.com/about.html]
[onedigitalassetshub.com/timeline.html]
[onedigitalassetshub.com/contact.html]
[onedigitalassetshub.com/user/bower_components/jquery/dist/jquery.min.js]
[onedigitalassetshub.com/user/bower_components/popper.js/dist/umd/popper.min.js]
[onedigitalassetshub.com/user/bower_components/moment/moment.js]
[onedigitalassetshub.com/user/bower_components/chart.js/dist/Chart.min.js]
[onedigitalassetshub.com/user/bower_components/select2/dist/js/select2.full.min.js]
[onedigitalassetshub.com/user/bower_components/jquery-bar-rating/dist/jquery.barrating.min.js]
[onedigitalassetshub.com/user/bower_components/ckeditor/ckeditor.js]
[onedigitalassetshub.com/user/bower_components/bootstrap-validator/dist/validator.min.js]
[onedigitalassetshub.com/user/bower_components/bootstrap-daterangepicker/daterangepicker.js]
[onedigitalassetshub.com/user/bower_components/ion.rangeSlider/js/ion.rangeSlider.min.js]
[onedigitalassetshub.com/user/bower_components/dropzone/dist/dropzone.js]
[onedigitalassetshub.com/user/bower_components/editable-table/mindmup-editabletable.js]
[onedigitalassetshub.com/user/bower_components/datatables.net/js/jquery.dataTables.min.js]
[onedigitalassetshub.com/user/bower_components/datatables.net-bs/js/dataTables.bootstrap.min.js]
[onedigitalassetshub.com/user/bower_components/fullcalendar/dist/fullcalendar.min.js]
[onedigitalassetshub.com/user/bower_components/perfect-scrollbar/js/perfect-scrollbar.jquery.min.js]
[onedigitalassetshub.com/user/bower_components/tether/dist/js/tether.min.js]
[onedigitalassetshub.com/user/bower_components/slick-carousel/slick/slick.min.js]
[onedigitalassetshub.com/user/bower_components/bootstrap/js/dist/util.js]
[onedigitalassetshub.com/user/bower_components/bootstrap/js/dist/alert.js]
[onedigitalassetshub.com/user/bower_components/bootstrap/js/dist/button.js]
[onedigitalassetshub.com/user/bower_components/bootstrap/js/dist/carousel.js]
[onedigitalassetshub.com/user/bower_components/bootstrap/js/dist/collapse.js]
[onedigitalassetshub.com/user/bower_components/bootstrap/js/dist/dropdown.js]
[onedigitalassetshub.com/user/bower_components/bootstrap/js/dist/modal.js]
[onedigitalassetshub.com/user/bower_components/bootstrap/js/dist/tab.js]
[onedigitalassetshub.com/user/bower_components/bootstrap/js/dist/tooltip.js]
[onedigitalassetshub.com/user/bower_components/bootstrap/js/dist/popover.js]
[onedigitalassetshub.com/user/js/demo_customizerce5a-version=4.4.1.js]
[onedigitalassetshub.com/user/index.html]
[onedigitalassetshub.com/user/register.html]
[onedigitalassetshub.com/fonts/glyphicons-halflings-regular.html]
[onedigitalassetshub.com/fonts/glyphicons-halflings-regular.eot-.html]
[onedigitalassetshub.com/fonts/glyphicons-halflings-regular.woff2.html]
[onedigitalassetshub.com/fonts/glyphicons-halflings-regular-2.html]
[onedigitalassetshub.com/fonts/glyphicons-halflings-regular-3.html]
[onedigitalassetshub.com/fonts/glyphicons-halflings-regular.svg.html]
[onedigitalassetshub.com/fonts/fontawesome-webfont3e6e-v=4.7.0.html]
[onedigitalassetshub.com/fonts/fontawesome-webfont3e6e-v=4.7.0.svg]
[onedigitalassetshub.com/img/preloaders/preloader-goldenrod-light.svg]
[onedigitalassetshub.com/img/preloaders/preloader-goldenrod-dark.svg]
[onedigitalassetshub.com/js/plugins/revolution/fonts/revicons/revicons90c6-5510888.svg]
[onedigitalassetshub.com/js/plugins/revolution/css/openhand.html]
[onedigitalassetshub.com/js/plugins/revolution/css/closedhand.html]
[onedigitalassetshub.com/js/plugins/revolution/assets/gridtile.html]
[onedigitalassetshub.com/js/plugins/revolution/assets/gridtile_white.html]
[onedigitalassetshub.com/js/plugins/revolution/assets/gridtile_3x3.html]
[onedigitalassetshub.com/js/plugins/revolution/assets/gridtile_3x3_white.html]
[onedigitalassetshub.com/js/plugins/revolution/assets/coloredbg.html]
[onedigitalassetshub.com/js/plugins/revolution/assets/loader.html]
[onedigitalassetshub.com/css/style-ty=1589666627.css]
[onedigitalassetshub.com/css/skins/goldenrod-j=1589666627.css]
[coinspotraders.com/wp-content/uploads/fevicon.html]
[coinspotraders.com/fast.fonts.net/cssapi/487b73f1-c2d1-43db-8526-db577e4c822b.html]
[onedigitalassetshub.com/user/bower_components/select2/dist/css/select2.min.css]
[onedigitalassetshub.com/user/bower_components/bootstrap-daterangepicker/daterangepicker.css]
[onedigitalassetshub.com/user/bower_components/dropzone/dist/dropzone.css]
[onedigitalassetshub.com/user/bower_components/datatables.net-bs/css/dataTables.bootstrap.min.css]
[onedigitalassetshub.com/user/bower_components/fullcalendar/dist/fullcalendar.min.css]
[onedigitalassetshub.com/user/bower_components/perfect-scrollbar/css/perfect-scrollbar.min.css]
[onedigitalassetshub.com/user/bower_components/slick-carousel/slick/slick.css]
[onedigitalassetshub.com/user/css/maince5a-version=1589666627.css]
[onedigitalassetshub.com/user/forgot_password.html]
[onedigitalassetshub.com/user/css/maince5a-version=1589666624.css]
[coinspotraders.com/user/img/menu_bg.html]
[coinspotraders.com/user/img/cta-pattern-light.html]
[coinspotraders.com/user/img/onboarding-gradient-hor.html]
[coinspotraders.com/user/img/onboarding-gradient-ver.html]
