[light.pinsupreme.com/index.html]
[backblue.gif]
[fade.gif]
[index.html]
[light.pinsupreme.com/favicon.png]
[light.pinsupreme.com/apple-touch-icon.png]
[fast.fonts.net/cssapi/487b73f1-c2d1-43db-8526-db577e4c822b.css]
[light.pinsupreme.com/img/bigicon2.png]
[light.pinsupreme.com/img/bigicon5.png]
[light.pinsupreme.com/img/bigicon6.png]
[light.pinsupreme.com/users_profile_big.html]
[light.pinsupreme.com/img/company6.png]
[light.pinsupreme.com/img/company7.png]
[light.pinsupreme.com/img/avatar1.jpg]
[light.pinsupreme.com/img/avatar2.jpg]
[light.pinsupreme.com/img/avatar3.jpg]
[light.pinsupreme.com/index-2.html]
[light.pinsupreme.com/img/logo.png]
[light.pinsupreme.com/apps_crypto.html]
[light.pinsupreme.com/apps_support_dashboard.html]
[light.pinsupreme.com/apps_projects.html]
[light.pinsupreme.com/apps_bank.html]
[light.pinsupreme.com/layouts_menu_top_image.html]
[light.pinsupreme.com/layouts_menu_side_full.html]
[light.pinsupreme.com/layouts_menu_side_full_dark.html]
[light.pinsupreme.com/layouts_menu_side_transparent.html]
[light.pinsupreme.com/apps_pipeline.html]
[light.pinsupreme.com/layouts_menu_side_mini.html]
[light.pinsupreme.com/layouts_menu_side_mini_dark.html]
[light.pinsupreme.com/layouts_menu_side_compact.html]
[light.pinsupreme.com/layouts_menu_side_compact_dark.html]
[light.pinsupreme.com/layouts_menu_right.html]
[light.pinsupreme.com/layouts_menu_top.html]
[light.pinsupreme.com/layouts_menu_top_dark.html]
[light.pinsupreme.com/layouts_menu_sub_style_flyout.html]
[light.pinsupreme.com/layouts_menu_sub_style_flyout_dark.html]
[light.pinsupreme.com/layouts_menu_sub_style_flyout_bright.html]
[light.pinsupreme.com/layouts_menu_side_compact_click.html]
[light.pinsupreme.com/apps_email.html]
[light.pinsupreme.com/apps_support_index.html]
[light.pinsupreme.com/apps_full_chat.html]
[light.pinsupreme.com/apps_todo.html]
[light.pinsupreme.com/misc_chat.html]
[light.pinsupreme.com/rentals_index_grid.html]
[light.pinsupreme.com/misc_calendar.html]
[light.pinsupreme.com/misc_invoice.html]
[light.pinsupreme.com/ecommerce_order_info.html]
[light.pinsupreme.com/misc_charts.html]
[light.pinsupreme.com/auth_login.html]
[light.pinsupreme.com/auth_register.html]
[light.pinsupreme.com/auth_lock.html]
[light.pinsupreme.com/misc_pricing_plans.html]
[light.pinsupreme.com/misc_error_404.html]
[light.pinsupreme.com/misc_error_500.html]
[light.pinsupreme.com/uikit_modals.html]
[light.pinsupreme.com/uikit_alerts.html]
[light.pinsupreme.com/uikit_grid.html]
[light.pinsupreme.com/uikit_progress.html]
[light.pinsupreme.com/uikit_popovers.html]
[light.pinsupreme.com/uikit_tooltips.html]
[light.pinsupreme.com/uikit_buttons.html]
[light.pinsupreme.com/uikit_dropdowns.html]
[light.pinsupreme.com/uikit_typography.html]
[light.pinsupreme.com/emails_welcome.html]
[light.pinsupreme.com/emails_order.html]
[light.pinsupreme.com/emails_payment_due.html]
[light.pinsupreme.com/emails_forgot.html]
[light.pinsupreme.com/emails_activate.html]
[light.pinsupreme.com/users_profile_small.html]
[light.pinsupreme.com/forms_regular.html]
[light.pinsupreme.com/forms_validation.html]
[light.pinsupreme.com/forms_wizard.html]
[light.pinsupreme.com/forms_uploads.html]
[light.pinsupreme.com/forms_wisiwig.html]
[light.pinsupreme.com/tables_regular.html]
[light.pinsupreme.com/tables_datatables.html]
[light.pinsupreme.com/tables_editable.html]
[light.pinsupreme.com/icon_fonts_simple_line_icons.html]
[light.pinsupreme.com/icon_fonts_feather.html]
[light.pinsupreme.com/icon_fonts_themefy.html]
[light.pinsupreme.com/icon_fonts_picons_thin.html]
[light.pinsupreme.com/icon_fonts_dripicons.html]
[light.pinsupreme.com/icon_fonts_eightyshades.html]
[light.pinsupreme.com/icon_fonts_entypo.html]
[light.pinsupreme.com/icon_fonts_font_awesome.html]
[light.pinsupreme.com/icon_fonts_foundation_icon_font.html]
[light.pinsupreme.com/icon_fonts_metrize_icons.html]
[light.pinsupreme.com/icon_fonts_picons_social.html]
[light.pinsupreme.com/icon_fonts_batch_icons.html]
[light.pinsupreme.com/icon_fonts_dashicons.html]
[light.pinsupreme.com/icon_fonts_typicons.html]
[light.pinsupreme.com/icon_fonts_weather_icons.html]
[light.pinsupreme.com/icon_fonts_light_admin.html]
[light.pinsupreme.com/img/avatar4.jpg]
[light.pinsupreme.com/img/portfolio9.jpg]
[light.pinsupreme.com/img/portfolio2.jpg]
[light.pinsupreme.com/img/portfolio12.jpg]
[light.pinsupreme.com/img/portfolio14.jpg]
[light.pinsupreme.com/img/portfolio8.jpg]
[light.pinsupreme.com/img/portfolio16.jpg]
[light.pinsupreme.com/img/portfolio5.jpg]
[light.pinsupreme.com/img/portfolio1.jpg]
[light.pinsupreme.com/img/portfolio6.jpg]
[light.pinsupreme.com/img/flags-icons/us.png]
[light.pinsupreme.com/img/flags-icons/fr.png]
[light.pinsupreme.com/img/flags-icons/ca.png]
[light.pinsupreme.com/bower_components/jquery/dist/jquery.min.js]
[light.pinsupreme.com/bower_components/popper.js/dist/umd/popper.min.js]
[light.pinsupreme.com/bower_components/moment/moment.js]
[light.pinsupreme.com/bower_components/chart.js/dist/Chart.min.js]
[light.pinsupreme.com/bower_components/select2/dist/js/select2.full.min.js]
[light.pinsupreme.com/bower_components/jquery-bar-rating/dist/jquery.barrating.min.js]
[light.pinsupreme.com/bower_components/ckeditor/ckeditor.js]
[light.pinsupreme.com/bower_components/bootstrap-validator/dist/validator.min.js]
[light.pinsupreme.com/bower_components/bootstrap-daterangepicker/daterangepicker.js]
[light.pinsupreme.com/bower_components/ion.rangeSlider/js/ion.rangeSlider.min.js]
[light.pinsupreme.com/bower_components/dropzone/dist/dropzone.js]
[light.pinsupreme.com/bower_components/editable-table/mindmup-editabletable.js]
[light.pinsupreme.com/bower_components/datatables.net/js/jquery.dataTables.min.js]
[light.pinsupreme.com/bower_components/datatables.net-bs/js/dataTables.bootstrap.min.js]
[light.pinsupreme.com/bower_components/fullcalendar/dist/fullcalendar.min.js]
[light.pinsupreme.com/bower_components/perfect-scrollbar/js/perfect-scrollbar.jquery.min.js]
[light.pinsupreme.com/bower_components/tether/dist/js/tether.min.js]
[light.pinsupreme.com/bower_components/slick-carousel/slick/slick.min.js]
[light.pinsupreme.com/bower_components/bootstrap/js/dist/util.js]
[light.pinsupreme.com/bower_components/bootstrap/js/dist/alert.js]
[light.pinsupreme.com/bower_components/bootstrap/js/dist/button.js]
[light.pinsupreme.com/bower_components/bootstrap/js/dist/carousel.js]
[light.pinsupreme.com/bower_components/bootstrap/js/dist/collapse.js]
[light.pinsupreme.com/bower_components/bootstrap/js/dist/dropdown.js]
[light.pinsupreme.com/bower_components/bootstrap/js/dist/modal.js]
[light.pinsupreme.com/bower_components/bootstrap/js/dist/tab.js]
[light.pinsupreme.com/bower_components/bootstrap/js/dist/tooltip.js]
[light.pinsupreme.com/bower_components/bootstrap/js/dist/popover.js]
[light.pinsupreme.com/js/demo_customizer5739.js]
[light.pinsupreme.com/js/main5739.js]
[www.google-analytics.com/analytics.js]
[light.pinsupreme.com/index.html]
[fast.fonts.net/cssapi/487b73f1-c2d1-43db-8526-db577e4c822b.css]
[light.pinsupreme.com/bower_components/select2/dist/css/select2.min.css]
[light.pinsupreme.com/bower_components/bootstrap-daterangepicker/daterangepicker.css]
[light.pinsupreme.com/bower_components/dropzone/dist/dropzone.css]
[light.pinsupreme.com/bower_components/datatables.net-bs/css/dataTables.bootstrap.min.css]
[light.pinsupreme.com/bower_components/fullcalendar/dist/fullcalendar.min.css]
[light.pinsupreme.com/bower_components/perfect-scrollbar/css/perfect-scrollbar.min.css]
[light.pinsupreme.com/bower_components/slick-carousel/slick/slick.css]
[light.pinsupreme.com/css/main5739.css]
[light.pinsupreme.com/img/profile_bg1.jpg]
[light.pinsupreme.com/users_profile_big.html]
[light.pinsupreme.com/index-2.html]
[light.pinsupreme.com/img/card4.png]
[light.pinsupreme.com/img/card2.png]
[light.pinsupreme.com/img/card3.png]
[light.pinsupreme.com/img/market-google-play.png]
[light.pinsupreme.com/img/phone1.png]
[light.pinsupreme.com/img/avatar7.jpg]
[light.pinsupreme.com/apps_crypto.html]
[light.pinsupreme.com/img/company5.png]
[light.pinsupreme.com/img/company1.png]
[light.pinsupreme.com/img/company3.png]
[light.pinsupreme.com/img/flags-icons/uk.png]
[light.pinsupreme.com/apps_support_dashboard.html]
[light.pinsupreme.com/img/avatar5.jpg]
[light.pinsupreme.com/img/avatar6.jpg]
[light.pinsupreme.com/apps_projects.html]
[light.pinsupreme.com/img/card1.png]
[light.pinsupreme.com/img/company2.png]
[light.pinsupreme.com/img/company4.png]
[light.pinsupreme.com/apps_bank.html]
[light.pinsupreme.com/layouts_menu_top_image.html]
[light.pinsupreme.com/layouts_menu_side_full.html]
[light.pinsupreme.com/layouts_menu_side_full_dark.html]
[light.pinsupreme.com/layouts_menu_side_transparent.html]
[light.pinsupreme.com/bower_components/dragula.js/dist/dragula.min.js]
[light.pinsupreme.com/apps_pipeline.html]
[light.pinsupreme.com/layouts_menu_side_mini.html]
[light.pinsupreme.com/layouts_menu_side_mini_dark.html]
[light.pinsupreme.com/layouts_menu_side_compact.html]
[light.pinsupreme.com/layouts_menu_side_compact_dark.html]
[light.pinsupreme.com/layouts_menu_right.html]
[light.pinsupreme.com/layouts_menu_top.html]
[light.pinsupreme.com/layouts_menu_top_dark.html]
[light.pinsupreme.com/layouts_menu_sub_style_flyout.html]
[light.pinsupreme.com/layouts_menu_sub_style_flyout_dark.html]
[light.pinsupreme.com/layouts_menu_sub_style_flyout_bright.html]
[light.pinsupreme.com/layouts_menu_side_compact_click.html]
[light.pinsupreme.com/apps_email.html]
[light.pinsupreme.com/'img/avatar1.jpg']
[light.pinsupreme.com/'img/avatar3.jpg']
[light.pinsupreme.com/'img/avatar4.jpg']
[light.pinsupreme.com/'img/avatar5.a3.delayed]
[light.pinsupreme.com/apps_support_index.html]
[light.pinsupreme.com/apps_full_chat.html]
[light.pinsupreme.com/apps_todo.html]
[light.pinsupreme.com/js/popup_chat_trigger_demo.js]
[light.pinsupreme.com/misc_chat.html]
[light.pinsupreme.com/rentals_single.html]
[light.pinsupreme.com/img/property2.jpg]
[light.pinsupreme.com/img/property3.jpg]
[light.pinsupreme.com/img/property1.jpg]
[light.pinsupreme.com/js/main_rentals5739.js]
[light.pinsupreme.com/rentals_index_grid.html]
[light.pinsupreme.com/misc_calendar.html]
[light.pinsupreme.com/img/logo2.png]
[light.pinsupreme.com/misc_invoice.html]
[light.pinsupreme.com/img/product7.jpg]
[light.pinsupreme.com/img/product8.jpg]
[light.pinsupreme.com/img/mastercard.png]
[light.pinsupreme.com/ecommerce_order_info.html]
[light.pinsupreme.com/misc_charts.html]
[light.pinsupreme.com/img/logo-big.png]
[light.pinsupreme.com/auth_login.html]
[light.pinsupreme.com/auth_register.html]
[light.pinsupreme.com/auth/login.html]
[light.pinsupreme.com/auth_lock.html]
[light.pinsupreme.com/img/plan1.png]
[light.pinsupreme.com/img/plan2.png]
[light.pinsupreme.com/img/plan3.png]
[light.pinsupreme.com/img/plan4.png]
[light.pinsupreme.com/misc_pricing_plans.html]
[light.pinsupreme.com/misc_error_404.html]
[light.pinsupreme.com/misc_error_500.html]
[light.pinsupreme.com/uikit_modals.html]
[light.pinsupreme.com/uikit_alerts.html]
[light.pinsupreme.com/uikit_grid.html]
[light.pinsupreme.com/uikit_progress.html]
[light.pinsupreme.com/uikit_popovers.html]
[light.pinsupreme.com/uikit_tooltips.html]
[light.pinsupreme.com/uikit_buttons.html]
[light.pinsupreme.com/uikit_dropdowns.html]
[light.pinsupreme.com/uikit_typography.html]
[light.pinsupreme.com/img/bigicon7.png]
[light.pinsupreme.com/img/bigicon1.png]
[light.pinsupreme.com/img/social-icons/twitter.png]
[light.pinsupreme.com/img/social-icons/facebook.png]
[light.pinsupreme.com/img/social-icons/linkedin.png]
[light.pinsupreme.com/img/social-icons/instagram.png]
[light.pinsupreme.com/img/market-ios.png]
[light.pinsupreme.com/emails_welcome.html]
[light.pinsupreme.com/img/email-header-img.jpg]
[light.pinsupreme.com/emails_order.html]
[light.pinsupreme.com/emails_payment_due.html]
[light.pinsupreme.com/emails_forgot.html]
[light.pinsupreme.com/emails_activate.html]
[light.pinsupreme.com/users_profile_small.html]
[light.pinsupreme.com/forms_regular.html]
[light.pinsupreme.com/forms_validation.html]
[light.pinsupreme.com/forms_wizard.html]
[light.pinsupreme.com/forms_uploads.html]
[light.pinsupreme.com/forms_wisiwig.html]
[light.pinsupreme.com/img/flags-icons/es.png]
[light.pinsupreme.com/tables_regular.html]
[light.pinsupreme.com/js/dataTables.bootstrap4.min.js]
[light.pinsupreme.com/tables_datatables.html]
[light.pinsupreme.com/tables_editable.html]
[light.pinsupreme.com/icon_fonts_simple_line_icons.html]
[light.pinsupreme.com/icon_fonts_feather.html]
[light.pinsupreme.com/icon_fonts_themefy.html]
[light.pinsupreme.com/icon_fonts_picons_thin.html]
[light.pinsupreme.com/icon_fonts_dripicons.html]
[light.pinsupreme.com/icon_fonts_eightyshades.html]
[light.pinsupreme.com/icon_fonts_entypo.html]
[light.pinsupreme.com/icon_fonts_font_awesome.html]
[light.pinsupreme.com/icon_fonts_foundation_icon_font.html]
[light.pinsupreme.com/icon_fonts_metrize_icons.html]
[light.pinsupreme.com/icon_fonts_picons_social.html]
[light.pinsupreme.com/icon_fonts_batch_icons.html]
[light.pinsupreme.com/icon_fonts_dashicons.html]
[light.pinsupreme.com/icon_fonts_typicons.html]
[light.pinsupreme.com/icon_fonts_weather_icons.html]
[light.pinsupreme.com/icon_fonts_light_admin.html]
[fast.fonts.net/t/1107a.css]
[light.pinsupreme.com/bower_components/dragula.js/dist/dragula.min.css]
[light.pinsupreme.com/'img/avatar1.html]
[light.pinsupreme.com/'img/avatar3.html]
[light.pinsupreme.com/'img/avatar4.html]
[light.pinsupreme.com/'img/avatar5.html]
[light.pinsupreme.com/bower_components/ion.rangeSlider/css/ion.rangeSlider.css]
[light.pinsupreme.com/rentals_single.html]
[light.pinsupreme.com/auth/login.html]
[light.pinsupreme.com/icon_fonts_assets/simple-line-icons/fonts/Simple-Line-Iconsb26c.eot]
[light.pinsupreme.com/icon_fonts_assets/simple-line-icons/fonts/Simple-Line-Iconsb26c.woff2]
[light.pinsupreme.com/icon_fonts_assets/simple-line-icons/fonts/Simple-Line-Iconsb26c.ttf]
[light.pinsupreme.com/icon_fonts_assets/simple-line-icons/fonts/Simple-Line-Iconsb26c.woff]
[light.pinsupreme.com/icon_fonts_assets/simple-line-icons/css/simple-line-icons.css]
[light.pinsupreme.com/icon_fonts_assets/feather/style.css]
[light.pinsupreme.com/icon_fonts_assets/themefy/fonts/themify9f24.eot]
[light.pinsupreme.com/icon_fonts_assets/themefy/fonts/themifyd41d.eot]
[light.pinsupreme.com/icon_fonts_assets/themefy/fonts/themify9f24.woff]
[light.pinsupreme.com/icon_fonts_assets/themefy/fonts/themify9f24.ttf]
[light.pinsupreme.com/icon_fonts_assets/themefy/themify-icons.css]
[light.pinsupreme.com/icon_fonts_assets/picons-thin/fonts/piconsthin91a6.woff2]
[light.pinsupreme.com/icon_fonts_assets/picons-thin/fonts/piconsthin91a6.ttf]
[light.pinsupreme.com/icon_fonts_assets/picons-thin/fonts/piconsthin91a6.woff]
[light.pinsupreme.com/icon_fonts_assets/picons-thin/style.css]
[light.pinsupreme.com/icon_fonts_assets/dripicons/fonts/dripicons-v2.eot]
[light.pinsupreme.com/icon_fonts_assets/dripicons/fonts/dripicons-v2d41d.eot]
[light.pinsupreme.com/icon_fonts_assets/dripicons/fonts/dripicons-v2.woff]
[light.pinsupreme.com/icon_fonts_assets/dripicons/fonts/dripicons-v2.ttf]
[light.pinsupreme.com/icon_fonts_assets/dripicons/webfont.css]
[light.pinsupreme.com/icon_fonts_assets/eightyshades/fonts/eightyshades.eot]
[light.pinsupreme.com/icon_fonts_assets/eightyshades/fonts/eightyshadesd41d.eot]
[light.pinsupreme.com/icon_fonts_assets/eightyshades/fonts/eightyshades.woff]
[light.pinsupreme.com/icon_fonts_assets/eightyshades/fonts/eightyshades.ttf]
[light.pinsupreme.com/icon_fonts_assets/eightyshades/style.css]
[light.pinsupreme.com/icon_fonts_assets/entypo/fonts/entypo3645.eot]
[light.pinsupreme.com/icon_fonts_assets/entypo/fonts/entypo3645.woff2]
[light.pinsupreme.com/icon_fonts_assets/entypo/fonts/entypo3645.ttf]
[light.pinsupreme.com/icon_fonts_assets/entypo/fonts/entypo3645.woff]
[light.pinsupreme.com/icon_fonts_assets/entypo/style.css]
[light.pinsupreme.com/icon_fonts_assets/font-awesome/fonts/fontawesome-webfont3e6e.eot]
[light.pinsupreme.com/icon_fonts_assets/font-awesome/fonts/fontawesome-webfontd41d.eot]
[light.pinsupreme.com/icon_fonts_assets/font-awesome/fonts/fontawesome-webfont3e6e.woff2]
[light.pinsupreme.com/icon_fonts_assets/font-awesome/fonts/fontawesome-webfont3e6e.woff]
[light.pinsupreme.com/icon_fonts_assets/font-awesome/fonts/fontawesome-webfont3e6e.ttf]
[light.pinsupreme.com/icon_fonts_assets/font-awesome/css/font-awesome.min.css]
[light.pinsupreme.com/icon_fonts_assets/foundation-icon-font/foundation-icons.eot]
[light.pinsupreme.com/icon_fonts_assets/foundation-icon-font/foundation-icons.woff]
[light.pinsupreme.com/icon_fonts_assets/foundation-icon-font/foundation-iconsd41d.eot]
[light.pinsupreme.com/icon_fonts_assets/foundation-icon-font/foundation-icons.ttf]
[light.pinsupreme.com/icon_fonts_assets/foundation-icon-font/foundation-icons.css]
[light.pinsupreme.com/icon_fonts_assets/metrize-icons/fonts/Metrize-Icons.eot]
[light.pinsupreme.com/icon_fonts_assets/metrize-icons/fonts/Metrize-Icons.woff]
[light.pinsupreme.com/icon_fonts_assets/metrize-icons/fonts/Metrize-Iconsd41d.eot]
[light.pinsupreme.com/icon_fonts_assets/metrize-icons/fonts/Metrize-Icons.ttf]
[light.pinsupreme.com/icon_fonts_assets/metrize-icons/style.css]
[light.pinsupreme.com/icon_fonts_assets/picons-social/fonts/picons-social1994.woff2]
[light.pinsupreme.com/icon_fonts_assets/picons-social/fonts/picons-social1994.ttf]
[light.pinsupreme.com/icon_fonts_assets/picons-social/fonts/picons-social1994.woff]
[light.pinsupreme.com/icon_fonts_assets/picons-social/style.css]
[light.pinsupreme.com/icon_fonts_assets/batch-icons/fonts/batch35c7.woff2]
[light.pinsupreme.com/icon_fonts_assets/batch-icons/fonts/batch35c7.ttf]
[light.pinsupreme.com/icon_fonts_assets/batch-icons/fonts/batch35c7.woff]
[light.pinsupreme.com/icon_fonts_assets/batch-icons/style.css]
[light.pinsupreme.com/icon_fonts_assets/dashicons/dashiconsbb5d.eot]
[light.pinsupreme.com/icon_fonts_assets/dashicons/dashiconsd41d.eot]
[light.pinsupreme.com/icon_fonts_assets/dashicons/dashiconsbb5d.ttf]
[light.pinsupreme.com/icon_fonts_assets/dashicons/dashicons.css]
[light.pinsupreme.com/icon_fonts_assets/typicons/typicons.eot]
[light.pinsupreme.com/icon_fonts_assets/typicons/typicons.woff]
[light.pinsupreme.com/icon_fonts_assets/typicons/typiconsd41d.eot]
[light.pinsupreme.com/icon_fonts_assets/typicons/typicons.ttf]
[light.pinsupreme.com/icon_fonts_assets/typicons/typicons.css]
[light.pinsupreme.com/icon_fonts_assets/weather-icons/font/weathericons-regular-webfont.eot]
[light.pinsupreme.com/icon_fonts_assets/weather-icons/font/weathericons-regular-webfont.woff2]
[light.pinsupreme.com/icon_fonts_assets/weather-icons/font/weathericons-regular-webfontd41d.eot]
[light.pinsupreme.com/icon_fonts_assets/weather-icons/font/weathericons-regular-webfont.woff]
[light.pinsupreme.com/icon_fonts_assets/weather-icons/font/weathericons-regular-webfont.ttf]
[light.pinsupreme.com/icon_fonts_assets/weather-icons/css/weather-icons.min.css]
[light.pinsupreme.com/icon_fonts_assets/simple-line-icons/fonts/Simple-Line-Iconsb26c.svg]
[light.pinsupreme.com/icon_fonts_assets/themefy/fonts/themify9f24.svg]
[light.pinsupreme.com/icon_fonts_assets/picons-thin/fonts/piconsthin91a6.svg]
[light.pinsupreme.com/icon_fonts_assets/dripicons/fonts/dripicons-v2.svg]
[light.pinsupreme.com/icon_fonts_assets/eightyshades/fonts/eightyshades.svg]
[light.pinsupreme.com/icon_fonts_assets/entypo/fonts/entypo3645.svg]
[light.pinsupreme.com/icon_fonts_assets/font-awesome/fonts/fontawesome-webfont3e6e.svg]
[light.pinsupreme.com/icon_fonts_assets/foundation-icon-font/foundation-icons.svg]
[light.pinsupreme.com/icon_fonts_assets/metrize-icons/fonts/Metrize-Icons.svg]
[light.pinsupreme.com/icon_fonts_assets/picons-social/fonts/picons-social1994.svg]
[light.pinsupreme.com/icon_fonts_assets/batch-icons/fonts/batch35c7.svg]
[light.pinsupreme.com/icon_fonts_assets/typicons/typicons.svg]
[light.pinsupreme.com/icon_fonts_assets/weather-icons/font/weathericons-regular-webfont.svg]
